Agape v0.1.0 Verification - 2026-07-16T21:40:35-05:00
Deployment ID: 20260717T023721Z

=== [1/6] UNE Nomenclature Engine ===
{
  "code": "DV.GEN.TH.AE01",
  "parsed": [
    {
      "segment": "DV",
      "symbols": [
        {
          "symbol": "D",
          "meaning": "desiccant"
        },
        {
          "symbol": "V",
          "meaning": "vesica"
        }
      ]
    },
    {
      "segment": "GEN",
      "symbols": [
        {
          "symbol": "G",
          "meaning": "growth"
        },
        {
          "symbol": "E",
          "meaning": "energy"
        },
        {
          "symbol": "N",
          "meaning": "node"
        }
      ]
    },
    {
      "segment": "TH",
      "symbols": [
        {
          "symbol": "T",
          "meaning": "thermal"
        },
        {
          "symbol": "H",
          "meaning": "heat"
        }
      ]
    },
    {
      "segment": "AE01",
      "symbols": [
        {
          "symbol": "A",
          "meaning": "light"
        },
        {
          "symbol": "E",
          "meaning": "energy"
        },
        {
          "symbol": "0",
          "meaning": "void"
        },
        {
          "symbol": "1",
          "meaning": "unity"
        }
      ]
    }
  ],
  "hash": "558483d26386cb97",
  "layer": 4
}

=== [2/6] Kingdom Engine Validator ===
usage: kingdom_validate.py [-h] [--register-validator VID PUBKEY NODE_ID]
                           [--submit-work WORK_ID NODE_ID JOULES HASH_PREV V1 V2]
                           [--approve WORK_ID VALIDATOR_ID] [--mint WORK_ID]
                           [-j]

Kingdom Engine — Cooperative PoPW Validator

options:
  -h, --help            show this help message and exit
  --register-validator VID PUBKEY NODE_ID
                        Register validator
  --submit-work WORK_ID NODE_ID JOULES HASH_PREV V1 V2
                        Submit work claim
  --approve WORK_ID VALIDATOR_ID
                        Approve work
  --mint WORK_ID        Mint ACRE
  -j, --json            JSON output

=== [3/6] ACRE Ledger ===
ACRE Ledger exists. Last entry hash: 2fe865fe2eded1b8ab3f829a8f515eabb5206f9a3dcb36ccb4359f46e6fa13e0

=== [4/6] Vesica Piscis Mesh ===

=== [5/6] H-003 Thermal Cascade ===
Note: execute manually when physical thermal data ready for PoPW ledger.

=== [6/6] Agape Orchestration Status ===
{
  "deployment_timestamp": "2026-07-17T02:40:36.841018",
  "components": {
    "une_resolver": {
      "status": "ready",
      "binary": "/data/data/com.termux/files/home/projects/openroot/bin/une_resolve.py",
      "test_code": "DV.GEN.TH.AE01"
    },
    "kingdom_engine": {
      "status": "ready",
      "binary": "/data/data/com.termux/files/home/projects/openroot/bin/kingdom_validate.py",
      "validators_required": 2,
      "consensus_rule": "AX-019"
    },
    "acre_ledger": {
      "status": "initialized",
      "path": "/data/data/com.termux/files/home/projects/openroot/acre/ledger.jsonl",
      "rule": "append-only JSONL, immutable"
    },
    "mesh_topology": {
      "status": "provisioned",
      "path": "/data/data/com.termux/files/home/projects/openroot/mesh/topology.json",
      "pattern": "Vesica Piscis (Flower of Life)",
      "anchor": "DV.MSH.VP.ND00",
      "backhaul": "IPFS"
    },
    "h003_cascade": {
      "status": "active",
      "ledger": "/data/data/com.termux/files/home/projects/openroot/research/h003_ledger.log",
      "model": "12.91 kWh/m\u00b2/night",
      "test_area_m2": 12
    }
  },
  "integration_axioms": [
    "AX-018: Agape mathematics (greatest good for greatest number)",
    "AX-019: Two-validator consensus for ACRE minting",
    "AX-039+: Permaculture design applied to innovation"
  ],
  "next_steps": [
    "1. Test UNE resolver with example code (DV.GEN.TH.AE01)",
    "2. Register validators in Kingdom Engine",
    "3. Submit first H-003 work claim to ACRE ledger",
    "4. Flash mesh node firmware (ESP32+LoRa)",
    "5. Verify IPFS backhaul connectivity"
  ]
}

=== Verification complete ===
All components deployed. Software layer ready for physical H-003 / ACRE integration.
Log: /data/data/com.termux/files/home/projects/openroot/research/agape_verify_20260717.log

=== Iteration 20260717T024408Z ===
{
  "deployment_timestamp": "2026-07-17T02:45:04.786844",
  "components": {
    "une_resolver": {
      "status": "ready",
      "binary": "/data/data/com.termux/files/home/projects/openroot/bin/une_resolve.py",
      "test_code": "DV.GEN.TH.AE01"
    },
    "kingdom_engine": {
      "status": "ready",
      "binary": "/data/data/com.termux/files/home/projects/openroot/bin/kingdom_validate.py",
      "validators_required": 2,
      "consensus_rule": "AX-019"
    },
    "acre_ledger": {
      "status": "initialized",
      "path": "/data/data/com.termux/files/home/projects/openroot/acre/ledger.jsonl",
      "rule": "append-only JSONL, immutable"
    },
    "mesh_topology": {
      "status": "provisioned",
      "path": "/data/data/com.termux/files/home/projects/openroot/mesh/topology.json",
      "pattern": "Vesica Piscis (Flower of Life)",
      "anchor": "DV.MSH.VP.ND00",
      "backhaul": "IPFS"
    },
    "h003_cascade": {
      "status": "active",
      "ledger": "/data/data/com.termux/files/home/projects/openroot/research/h003_ledger.log",
      "model": "12.91 kWh/m\u00b2/night",
      "test_area_m2": 12
    }
  },
  "integration_axioms": [
    "AX-018: Agape mathematics (greatest good for greatest number)",
    "AX-019: Two-validator consensus for ACRE minting",
    "AX-039+: Permaculture design applied to innovation"
  ],
  "next_steps": [
    "1. Test UNE resolver with example code (DV.GEN.TH.AE01)",
    "2. Register validators in Kingdom Engine",
    "3. Submit first H-003 work claim to ACRE ledger",
    "4. Flash mesh node firmware (ESP32+LoRa)",
    "5. Verify IPFS backhaul connectivity"
  ]
}

ACRE Ledger exists. Last entry hash: 2fe865fe2eded1b8ab3f829a8f515eabb5206f9a3dcb36ccb4359f46e6fa13e0
Status + ACRE ledger re-checked. UNE/Kingdom/Vesica/H-003 unchanged per manifest.
