nohup: ignoring input
[gate] start 2026-09-19T17:42:17Z CONFIRM=0 -> /home/jesse/openroot/reports/gh_audit_20260919_124217
[banked] inventory: 46 repos
[banked] hygiene flags: 52
[banked] scanned openroot
[banked] scanned und-protocol
[banked] scanned openroot-spoke-template
[banked] scanned agape-ipfs
[banked] scanned wisdom-scaffold
[banked] scanned agapenet
[banked] scanned agape-coordination
[banked] scanned openroot-product
[banked] scanned openroot-ecosystem
[banked] scanned jesseray718
[banked] scanned OpenCell-Thermal-System
[banked] scanned fractallattice
[banked] scanned oscillation-mesh
[banked] scanned agaperesonance
[banked] scanned jesseray718.github.io
[banked] scanned aerocement
[banked] scanned canonical
[banked] scanned aerocement-calc
[banked] scanned une
[banked] scanned renaissance-protocol
[banked] scanned openroot-foundation
[banked] scanned openroot-thesis
[banked] scanned .github
[banked] scanned agape-crossover-key
[banked] scanned agape-une
[banked] scanned etaledger
[banked] scanned openroot-canon
[banked] scanned agape-primitives
[banked] scanned skills-introduction-to-github
[banked] scanned jesseray718-archive
[banked] scanned kai-memory
[banked] scanned axiom-library
[banked] scanned kai9000
[banked] scanned black-locust-rmh
[banked] scanned markor
[banked] scanned AeroCement_Ecosystem
[banked] scanned Reticulum
[banked] scanned RNode_Firmware
[banked] scanned LXMF
[banked] scanned tinyGS
[banked] scanned MeshCore
