=== HANDOFF START IDEMPOTENCY REPAIR ===
[banked] generate_handoff start idempotency repair written

=== REPAIR DIFF ===
--- bin/handoff_manager.py.pre_start_idempotency_fix.20260926T220804Z.bak	2026-09-26 17:08:04.940755054 -0500
+++ bin/handoff_manager.py	2026-09-26 17:08:04.976153954 -0500
@@ -153,7 +153,6 @@
         active_str = f"{len(active_sess)} sessions already open" if active_sess else "No active sessions"
     else:
         active_str = "Session ending"
-        active_sess = []
 
     tidbits = chunk_logs_to_tidbits(CB / "logs" if (CB / "logs").exists() else OR / "logs")
 
@@ -174,29 +173,6 @@
         "5. Log kinetics: record joules human / joules useful / k_delta / shared",
         "```",
         "",
-        "## Goals Implemented (Current Session)",
-        "- [ ] bin/ tracking verification",
-        "- [ ] A1 hub mirroring complete",
-        "- [ ] Compost loop closed",
-        "- [ ] Release ranked and staged",
-        "",
-        "## Ideas Started, Not Finished",
-        "- [ ] Outcomes ledger recalibration (weights → actual release results)",
-        "- [ ] Turing tidbit chunking integration with terminal log bridge",
-        "- [ ] A15 ↔ OptiPlex bidirectional sync via Syncthing + merge",
-        "- [ ] Permaculture weight calibration against GRLE metrics",
-        "",
-    ]
-
-    if incomplete_goals:
-        md.append("## Carried-Over Goals")
-        for i, goal in enumerate(incomplete_goals[:5], 1):
-            md.append(f"- {i}. {goal[:80]}...")
-        if len(incomplete_goals) > 5:
-            md.append(f"...and {len(incomplete_goals) - 5} more goals in goals_history")
-        md.append("")
-
-    md.extend([
         "## Runtime Boundaries",
         f"- Universal doc ledger: {OR / 'data' / 'universal_doc_ledger.db'}",
         f"- Compost ledger: {OR / 'data' / 'compost_v1.db'}",
@@ -208,17 +184,36 @@
         "```bash",
         "cd /home/jesse/openroot && python3 bin/handoff_manager.py start",
         "```",
-    ])
+    ]
+
+    if incomplete_goals:
+        md.append("")
+        md.append("## Carried-Over Goals")
+        for i, goal in enumerate(incomplete_goals[:5], 1):
+            md.append(f"- {i}. {goal[:80]}...")
+        if len(incomplete_goals) > 5:
+            md.append(f"...and {len(incomplete_goals) - 5} more goals in goals_history")
 
     session_file = HANDOFF_DIR / f"session_{session_id}.md"
     session_file.write_text("\n".join(md) + "\n", encoding="utf-8")
 
     if phase == "start":
-        con.execute(
-            "INSERT INTO sessions(session_id,started,status,head) VALUES(?,?,?,?)",
-            (session_id, now(), "active", head),
-        )
-        con.commit()
+        existing = con.execute(
+            "SELECT session_id, status FROM sessions WHERE session_id=?",
+            (session_id,),
+        ).fetchone()
+        if existing is None:
+            con.execute(
+                "INSERT INTO sessions(session_id,started,status,head) VALUES(?,?,?,?)",
+                (session_id, now(), "active", head),
+            )
+            con.commit()
+        elif existing[1] == "active":
+            print(f"[banked] existing active session retained: {session_id}")
+        else:
+            raise RuntimeError(
+                f"refusing to reactivate ended session_id={session_id}; generate a new session id"
+            )
 
     print(f"[banked] handoff created: {session_file}")
     print(f"[banked] session_id: {session_id}")

=== ACTIVE-SESSION BOUNDARY BEFORE TEST ===
id  session_id                started                    ended                      status  notes                                                     
--  ------------------------  -------------------------  -------------------------  ------  ----------------------------------------------------------
4   20260926_220617_80fa6c9e  2026-09-26T22:06:17+00:00                             active                                                            
3   20260926_220435_6c2d280e  2026-09-26T22:04:35+00:00  2026-09-26T22:04:35+00:00  ended                                                             
2   20260926_215639_69ae6e70  2026-09-26T21:56:39+00:00  2026-09-26T22:02:26.332Z   ended   [auto-repaired duplicate active session; no files deleted]
1   20260926_215535_55b7ba7c  2026-09-26T21:55:36+00:00  2026-09-26T22:03:21+00:00  ended                                                             
[banked] ending_preexisting_active_sessions=1
[banked] session_closed=20260926_220617_80fa6c9e
[banked] handoff created: /home/jesse/openroot/context_bridge/handoffs/session_20260926_220617_80fa6c9e.md
[banked] session_id: 20260926_220617_80fa6c9e
[banked] handoff_phase=end
[banked] bounded handoff end PASS
[banked] active_sessions_pre_test=0

=== START / END / START / END PROOF ===
[banked] handoff created: /home/jesse/openroot/context_bridge/handoffs/session_20260926_220805_6953c9af.md
[banked] session_id: 20260926_220805_6953c9af
[banked] handoff_phase=start
[banked] active_sessions_after_start_1=1
[banked] session_closed=20260926_220805_6953c9af
[banked] handoff created: /home/jesse/openroot/context_bridge/handoffs/session_20260926_220805_6953c9af.md
[banked] session_id: 20260926_220805_6953c9af
[banked] handoff_phase=end
[banked] bounded handoff end PASS
[banked] active_sessions_after_end_1=0
Traceback (most recent call last):
  File "/home/jesse/openroot/bin/handoff_manager.py", line 294, in <module>
    main()
  File "/home/jesse/openroot/bin/handoff_manager.py", line 270, in main
    generate_handoff(con, session_id, "start")
  File "/home/jesse/openroot/bin/handoff_manager.py", line 214, in generate_handoff
    raise RuntimeError(
RuntimeError: refusing to reactivate ended session_id=20260926_220805_6953c9af; generate a new session id
