=== HANDOFF SESSION-ID IMPORT REPAIR ===
[banked] secrets import present

=== IMPORT REPAIR DIFF ===
--- bin/handoff_manager.py.pre_secrets_import.20260926T221131Z.bak	2026-09-26 17:11:31.840560762 -0500
+++ bin/handoff_manager.py	2026-09-26 17:11:31.871528765 -0500
@@ -15,7 +15,7 @@
        python3 bin/handoff_manager.py end
        python3 bin/handoff_manager.py show
 """
-import argparse, hashlib, json, os, sqlite3, subprocess, sys, glob
+import argparse, hashlib, json, os, secrets, sqlite3, subprocess, sys, glob
 from datetime import datetime, timezone
 from pathlib import Path
 import shutil

=== SESSION-ID UNIQUENESS PROOF ===
[banked] probe_session_id_1=session_20260926T221131+0000_b0d79cb833511d48
[banked] probe_session_id_2=session_20260926T221131+0000_d33edb019d2e5467
[banked] session_id_uniqueness_probe=PASS
[banked] active_sessions_pre_test=0

=== RAPID START / END LIFECYCLE PROOF ===
[banked] handoff created: /home/jesse/openroot/context_bridge/handoffs/session_session_20260926T221132+0000_7c2056b18e27b61c.md
[banked] session_id: session_20260926T221132+0000_7c2056b18e27b61c
[banked] handoff_phase=start
[banked] lifecycle_1_session_id=session_20260926T221132+0000_7c2056b18e27b61c
[banked] session_closed=session_20260926T221132+0000_7c2056b18e27b61c
[banked] handoff created: /home/jesse/openroot/context_bridge/handoffs/session_session_20260926T221132+0000_7c2056b18e27b61c.md
[banked] session_id: session_20260926T221132+0000_7c2056b18e27b61c
[banked] handoff_phase=end
[banked] bounded handoff end PASS
[banked] lifecycle_1_end=PASS
[banked] handoff created: /home/jesse/openroot/context_bridge/handoffs/session_session_20260926T221133+0000_5a4cf6fec1712d95.md
[banked] session_id: session_20260926T221133+0000_5a4cf6fec1712d95
[banked] handoff_phase=start
[banked] lifecycle_2_session_id=session_20260926T221133+0000_5a4cf6fec1712d95
[banked] session_closed=session_20260926T221133+0000_5a4cf6fec1712d95
[banked] handoff created: /home/jesse/openroot/context_bridge/handoffs/session_session_20260926T221133+0000_5a4cf6fec1712d95.md
[banked] session_id: session_20260926T221133+0000_5a4cf6fec1712d95
[banked] handoff_phase=end
[banked] bounded handoff end PASS
[banked] lifecycle_2_end=PASS
[banked] duplicate_session_ids=0

=== RECENT SESSION RECORDS ===
id  session_id                                     started                    ended                      status
--  ---------------------------------------------  -------------------------  -------------------------  ------
7   session_20260926T221133+0000_5a4cf6fec1712d95  2026-09-26T22:11:33+00:00  2026-09-26T22:11:33+00:00  ended 
6   session_20260926T221132+0000_7c2056b18e27b61c  2026-09-26T22:11:32+00:00  2026-09-26T22:11:32+00:00  ended 
5   20260926_220805_6953c9af                       2026-09-26T22:08:05+00:00  2026-09-26T22:08:05+00:00  ended 
4   20260926_220617_80fa6c9e                       2026-09-26T22:06:17+00:00  2026-09-26T22:08:05+00:00  ended 
3   20260926_220435_6c2d280e                       2026-09-26T22:04:35+00:00  2026-09-26T22:04:35+00:00  ended 
2   20260926_215639_69ae6e70                       2026-09-26T21:56:39+00:00  2026-09-26T22:02:26.332Z   ended 
1   20260926_215535_55b7ba7c                       2026-09-26T21:55:36+00:00  2026-09-26T22:03:21+00:00  ended 

=== RESET HANDOFF STAGE ===
name                 status  maturity  checks_ok  attempts  last_action                                                     last_ts                   evidence                                                                       
-------------------  ------  --------  ---------  --------  --------------------------------------------------------------  ------------------------  -------------------------------------------------------------------------------
handoff_operational  locked  auto      0          0         handoff lifecycle repaired; awaiting fresh bounded calibration  2026-09-26T22:11:34.058Z  two rapid start/end lifecycles passed; session IDs unique; zero active sessions

=== GIT BOUNDARY ===
?? bin/handoff_manager.py
?? context_bridge/handoffs/
