=== HANDOFF SESSION-ID FORMAT REPAIR ===
[banked] canonical session-id format written

=== FORMAT REPAIR DIFF ===
--- bin/handoff_manager.py.pre_session_id_format_fix.20260926T221515Z.bak	2026-09-26 17:15:15.876238315 -0500
+++ bin/handoff_manager.py	2026-09-26 17:15:15.909629901 -0500
@@ -56,7 +56,8 @@
     return con
 
 def gen_session_id():
-    return f"session_{now().replace(':', '').replace('-', '').replace('+00:00', 'Z')}_{secrets.token_hex(8)}"
+    stamp = datetime.now(timezone.utc).strftime("%Y%m%dT%H%M%SZ")
+    return f"{stamp}_{secrets.token_hex(8)}"
 
 def get_git_head(orph=OR):
     try:

=== ID FORMAT AND UNIQUENESS PROOF ===
[banked] canonical_probe_id_1=20260926T221515Z_1e6a0f2e50e9297c
[banked] canonical_probe_id_2=20260926T221515Z_78faa3097c7ec207
[banked] canonical_session_id_format_and_uniqueness=PASS
[banked] active_sessions_pre_test=0

=== CANONICAL START / END PROOF ===
[banked] handoff created: /home/jesse/openroot/context_bridge/handoffs/session_20260926T221516Z_c6f0d97375d6355b.md
[banked] session_id: 20260926T221516Z_c6f0d97375d6355b
[banked] handoff_phase=start
[banked] runtime_session_id=20260926T221516Z_c6f0d97375d6355b
[banked] active_sessions_after_start=1
[banked] session_closed=20260926T221516Z_c6f0d97375d6355b
[banked] handoff created: /home/jesse/openroot/context_bridge/handoffs/session_20260926T221516Z_c6f0d97375d6355b.md
[banked] session_id: 20260926T221516Z_c6f0d97375d6355b
[banked] handoff_phase=end
[banked] bounded handoff end PASS
[banked] active_sessions_after_end=0
[banked] latest_end_handoff=context_bridge/handoffs/session_20260926T221516Z_c6f0d97375d6355b.md

=== RESET HANDOFF STAGE FOR FRESH CALIBRATION ===
name                 status  maturity  checks_ok  attempts  last_action                                                                       last_ts                   evidence                                                                    
-------------------  ------  --------  ---------  --------  --------------------------------------------------------------------------------  ------------------------  ----------------------------------------------------------------------------
handoff_operational  locked  auto      0          0         handoff lifecycle and canonical session-id format repaired; awaiting calibration  2026-09-26T22:15:16.452Z  canonical timestamp+token session ID; start/end passed; zero active sessions

=== GIT BOUNDARY ===
?? bin/handoff_manager.py
?? context_bridge/handoffs/
