=== HANDOFF SESSION-ID FORMAT REPAIR ===
[banked] canonical session-id format written

=== FORMAT REPAIR DIFF ===

=== ID FORMAT AND UNIQUENESS PROOF ===
[banked] canonical_probe_id_1=20260926T221629Z_efad061b4c04476b
[banked] canonical_probe_id_2=20260926T221629Z_c53e594a8a112e80
[banked] canonical_session_id_format_and_uniqueness=PASS
[banked] active_sessions_pre_test=0

=== CANONICAL START / END PROOF ===
[banked] handoff created: /home/jesse/openroot/context_bridge/handoffs/session_20260926T221629Z_6916f7ea0432b4f2.md
[banked] session_id: 20260926T221629Z_6916f7ea0432b4f2
[banked] handoff_phase=start
[banked] runtime_session_id=20260926T221629Z_6916f7ea0432b4f2
[banked] active_sessions_after_start=1
[banked] session_closed=20260926T221629Z_6916f7ea0432b4f2
[banked] handoff created: /home/jesse/openroot/context_bridge/handoffs/session_20260926T221629Z_6916f7ea0432b4f2.md
[banked] session_id: 20260926T221629Z_6916f7ea0432b4f2
[banked] handoff_phase=end
[banked] bounded handoff end PASS
[banked] active_sessions_after_end=0
[banked] latest_end_handoff=context_bridge/handoffs/session_20260926T221629Z_6916f7ea0432b4f2.md

=== RESET HANDOFF STAGE FOR FRESH CALIBRATION ===
name                 status  maturity  checks_ok  attempts  last_action                                                                       last_ts                   evidence                                                                    
-------------------  ------  --------  ---------  --------  --------------------------------------------------------------------------------  ------------------------  ----------------------------------------------------------------------------
handoff_operational  locked  auto      0          0         handoff lifecycle and canonical session-id format repaired; awaiting calibration  2026-09-26T22:16:29.560Z  canonical timestamp+token session ID; start/end passed; zero active sessions

=== GIT BOUNDARY ===
?? bin/handoff_manager.py
?? context_bridge/handoffs/
