[BANKWK1v1] START 20260924_173406
[banked] all 20 scripts pass syntax gates
[main cdde4c06] [ADD] bank week's untracked scripts — syntax-gated (v1.1)
 20 files changed, 3003 insertions(+)
 create mode 100755 bin/add_contributor_acknowledgment_v1.sh
 create mode 100755 bin/local_stack_status_v1.py
 create mode 100755 bin/local_stack_status_v2.py
 create mode 100755 bin/merge_ledgers.py
 create mode 100644 bin/mobile_sync_tracker_v2.py
 create mode 100755 bin/queue_sweep_v1.sh
 create mode 100755 bin/reh1t_credit_check_v1.sh
 create mode 100755 bin/reh1t_pr53_make_right_v1.sh
 create mode 100755 bin/reh1t_reconcile_v2.sh
 create mode 100644 bin/routing_weights_v1.py
 create mode 100644 bin/specialist_router_v1.py
 create mode 100644 bin/stack_test_core_v1.py
 create mode 100755 bin/superlinear_strike_v1.py
 create mode 100755 bin/todo_tick_v1.sh
 create mode 100755 bin/warm_models.sh
 create mode 100755 bin/week_sweep_team_review_v1.py
 create mode 100755 context_bridge/solve_backup_20260924_021833.py
 create mode 100755 recovery_minimal_v2026.09.24.sh
 create mode 100755 recovery_superlinear_v2026.09.24.sh
 create mode 100644 setup_search.py
cdde4c06 [ADD] bank week's untracked scripts — syntax-gated (v1.1)
[banked] week scripts committed
[BANKWK1v1] END 20260924_173406 [exit=0]
