nohup: ignoring input
[gate] candidates=56494 (cached-skipped=4594, missing=0) scope=''
  500/56494 (1%) 22s, 23.2 files/s, failed=7
  1000/56494 (2%) 41s, 24.5 files/s, failed=7
  1500/56494 (3%) 64s, 23.3 files/s, failed=7
  2000/56494 (4%) 86s, 23.3 files/s, failed=7
  2500/56494 (4%) 106s, 23.5 files/s, failed=7
  3000/56494 (5%) 127s, 23.5 files/s, failed=7
  3500/56494 (6%) 149s, 23.6 files/s, failed=7
  4000/56494 (7%) 169s, 23.6 files/s, failed=7
  4500/56494 (8%) 191s, 23.6 files/s, failed=7
  5000/56494 (9%) 212s, 23.6 files/s, failed=7
  5500/56494 (10%) 235s, 23.4 files/s, failed=7
  6000/56494 (11%) 256s, 23.5 files/s, failed=7
  6500/56494 (12%) 276s, 23.5 files/s, failed=7
  7000/56494 (12%) 301s, 23.3 files/s, failed=7
  7500/56494 (13%) 324s, 23.1 files/s, failed=7
  8000/56494 (14%) 347s, 23.0 files/s, failed=7
  8500/56494 (15%) 372s, 22.8 files/s, failed=7
  9000/56494 (16%) 394s, 22.9 files/s, failed=7
  9500/56494 (17%) 417s, 22.8 files/s, failed=7
  10000/56494 (18%) 440s, 22.7 files/s, failed=7
  10500/56494 (19%) 461s, 22.8 files/s, failed=7
  11000/56494 (19%) 482s, 22.8 files/s, failed=7
  11500/56494 (20%) 501s, 23.0 files/s, failed=7
  12000/56494 (21%) 524s, 22.9 files/s, failed=7
  12500/56494 (22%) 545s, 23.0 files/s, failed=7
  13000/56494 (23%) 569s, 22.8 files/s, failed=7
  13500/56494 (24%) 593s, 22.8 files/s, failed=7
  14000/56494 (25%) 616s, 22.7 files/s, failed=7
  14500/56494 (26%) 637s, 22.7 files/s, failed=7
  15000/56494 (27%) 659s, 22.8 files/s, failed=7
  15500/56494 (27%) 679s, 22.8 files/s, failed=7
  16000/56494 (28%) 700s, 22.8 files/s, failed=7
  16500/56494 (29%) 721s, 22.9 files/s, failed=7
  17000/56494 (30%) 743s, 22.9 files/s, failed=7
  17500/56494 (31%) 762s, 23.0 files/s, failed=7
  18000/56494 (32%) 780s, 23.1 files/s, failed=7
  18500/56494 (33%) 804s, 23.0 files/s, failed=7
  19000/56494 (34%) 827s, 23.0 files/s, failed=139
  19500/56494 (35%) 849s, 23.0 files/s, failed=139
  20000/56494 (35%) 872s, 22.9 files/s, failed=139
  20500/56494 (36%) 895s, 22.9 files/s, failed=139
  21000/56494 (37%) 917s, 22.9 files/s, failed=139
  21500/56494 (38%) 941s, 22.9 files/s, failed=139
  22000/56494 (39%) 962s, 22.9 files/s, failed=139
  22500/56494 (40%) 985s, 22.9 files/s, failed=139
  23000/56494 (41%) 1005s, 22.9 files/s, failed=139
  23500/56494 (42%) 1029s, 22.8 files/s, failed=139
  24000/56494 (42%) 1047s, 22.9 files/s, failed=139
  24500/56494 (43%) 1065s, 23.0 files/s, failed=139
  25000/56494 (44%) 1085s, 23.0 files/s, failed=139
  25500/56494 (45%) 1104s, 23.1 files/s, failed=139
  26000/56494 (46%) 1124s, 23.1 files/s, failed=139
  26500/56494 (47%) 1144s, 23.2 files/s, failed=139
  27000/56494 (48%) 1162s, 23.2 files/s, failed=139
  27500/56494 (49%) 1185s, 23.2 files/s, failed=139
  28000/56494 (50%) 1205s, 23.2 files/s, failed=139
  28500/56494 (50%) 1222s, 23.3 files/s, failed=166
  29000/56494 (51%) 1241s, 23.4 files/s, failed=166
  29500/56494 (52%) 1259s, 23.4 files/s, failed=166
  30000/56494 (53%) 1278s, 23.5 files/s, failed=167
  30500/56494 (54%) 1298s, 23.5 files/s, failed=267
  31000/56494 (55%) 1318s, 23.5 files/s, failed=283
  31500/56494 (56%) 1335s, 23.6 files/s, failed=674
  32000/56494 (57%) 1351s, 23.7 files/s, failed=826
  32500/56494 (58%) 1367s, 23.8 files/s, failed=826
  33000/56494 (58%) 1383s, 23.9 files/s, failed=826
  33500/56494 (59%) 1399s, 23.9 files/s, failed=826
  34000/56494 (60%) 1416s, 24.0 files/s, failed=841
  34500/56494 (61%) 1432s, 24.1 files/s, failed=841
  35000/56494 (62%) 1448s, 24.2 files/s, failed=841
  35500/56494 (63%) 1466s, 24.2 files/s, failed=841
  36000/56494 (64%) 1482s, 24.3 files/s, failed=926
  36500/56494 (65%) 1498s, 24.4 files/s, failed=939
  37000/56494 (65%) 1519s, 24.4 files/s, failed=1026
  37500/56494 (66%) 1536s, 24.4 files/s, failed=1129
  38000/56494 (67%) 1554s, 24.5 files/s, failed=1129
  38500/56494 (68%) 1574s, 24.5 files/s, failed=1187
  39000/56494 (69%) 1595s, 24.5 files/s, failed=1207
  39500/56494 (70%) 1612s, 24.5 files/s, failed=1207
  40000/56494 (71%) 1631s, 24.5 files/s, failed=1207
  40500/56494 (72%) 1648s, 24.6 files/s, failed=1230
  41000/56494 (73%) 1668s, 24.6 files/s, failed=1299
  41500/56494 (73%) 1690s, 24.6 files/s, failed=1299
  42000/56494 (74%) 1711s, 24.6 files/s, failed=1299
  42500/56494 (75%) 1731s, 24.6 files/s, failed=1299
  43000/56494 (76%) 1751s, 24.6 files/s, failed=1299
  43500/56494 (77%) 1770s, 24.6 files/s, failed=1299
  44000/56494 (78%) 1789s, 24.6 files/s, failed=1299
  44500/56494 (79%) 1812s, 24.6 files/s, failed=1299
  45000/56494 (80%) 1831s, 24.6 files/s, failed=1299
  45500/56494 (81%) 1849s, 24.6 files/s, failed=1299
  46000/56494 (81%) 1870s, 24.6 files/s, failed=1299
  46500/56494 (82%) 1889s, 24.6 files/s, failed=1299
  47000/56494 (83%) 1908s, 24.6 files/s, failed=1299
  47500/56494 (84%) 1931s, 24.6 files/s, failed=1299
  48000/56494 (85%) 1955s, 24.6 files/s, failed=1299
  48500/56494 (86%) 1978s, 24.5 files/s, failed=1299
  49000/56494 (87%) 2001s, 24.5 files/s, failed=1299
  49500/56494 (88%) 2023s, 24.5 files/s, failed=1299
  50000/56494 (89%) 2043s, 24.5 files/s, failed=1299
  50500/56494 (89%) 2064s, 24.5 files/s, failed=1299
  51000/56494 (90%) 2084s, 24.5 files/s, failed=1299
  51500/56494 (91%) 2105s, 24.5 files/s, failed=1299
  52000/56494 (92%) 2125s, 24.5 files/s, failed=1299
  52500/56494 (93%) 2152s, 24.4 files/s, failed=1299
  53000/56494 (94%) 2175s, 24.4 files/s, failed=1299
  53500/56494 (95%) 2198s, 24.3 files/s, failed=1358
  54000/56494 (96%) 2215s, 24.4 files/s, failed=1358
  54500/56494 (96%) 2236s, 24.4 files/s, failed=1457
  55000/56494 (97%) 2254s, 24.4 files/s, failed=1502
  55500/56494 (98%) 2276s, 24.4 files/s, failed=1523
  56000/56494 (99%) 2293s, 24.4 files/s, failed=1523
[banked] sweep: checked=56494 passed=54898 failed=1594 in 2311s
[held] 121 failures recorded. Repairs: CONFIRM=1 python3 bin/ecosystem_v2.py --repair
[exit=0]
