30000
wal
30000
2026-09-28T06:13:57-05:00 host=optiplex_smoke pid=370593 event=start source_root=/home/jesse/openroot/hash_assign_smoke db=/home/jesse/openroot/data/hash_manifest_optiplex_smoke.db batch_size=1
30000
2026-09-28T06:13:57-05:00 host=optiplex_smoke pid=370593 event=checkpoint seen=1 hashed=1 skipped=0 errors=0 durable_rows=1
30000
2026-09-28T06:13:58-05:00 host=optiplex_smoke pid=370593 event=checkpoint seen=2 hashed=2 skipped=0 errors=0 durable_rows=2
30000
2026-09-28T06:13:58-05:00 host=optiplex_smoke pid=370593 event=checkpoint seen=3 hashed=3 skipped=0 errors=0 durable_rows=3
2026-09-28T06:13:58-05:00 host=optiplex_smoke pid=370593 event=checkpoint seen=3 hashed=3 skipped=0 errors=0 durable_rows=3
2026-09-28T06:13:58-05:00 host=optiplex_smoke pid=370593 event=complete
2026-09-28T06:13:58-05:00 host=optiplex_smoke pid=370593 event=exit code=0 seen=3 hashed=3 skipped=0 errors=0
9-28T06:13:58-05:00 host=optiplex_smoke pid=370593 event=complete
2026-09-28T06:13:58-05:00 host=optiplex_smoke pid=370593 event=exit code=0 seen=3 hashed=3 skipped=0 errors=0
30000
wal
30000
2026-09-28T06:13:58-05:00 host=optiplex_smoke pid=370710 event=start source_root=/home/jesse/openroot/hash_assign_smoke db=/home/jesse/openroot/data/hash_manifest_optiplex_smoke.db batch_size=1
2026-09-28T06:13:58-05:00 host=optiplex_smoke pid=370710 event=start source_root=/home/jesse/openroot/hash_assign_smoke db=/home/jesse/openroot/data/hash_manifest_optiplex_smoke.db batch_size=1
2026-09-28T06:13:58-05:00 host=optiplex_smoke pid=370710 event=checkpoint seen=1 hashed=0 skipped=1 errors=0 durable_rows=3
2026-09-28T06:13:58-05:00 host=optiplex_smoke pid=370710 event=checkpoint seen=1 hashed=0 skipped=1 errors=0 durable_rows=3
2026-09-28T06:13:58-05:00 host=optiplex_smoke pid=370710 event=checkpoint seen=2 hashed=0 skipped=2 errors=0 durable_rows=3
2026-09-28T06:13:58-05:00 host=optiplex_smoke pid=370710 event=checkpoint seen=2 hashed=0 skipped=2 errors=0 durable_rows=3
2026-09-28T06:13:58-05:00 host=optiplex_smoke pid=370710 event=checkpoint seen=3 hashed=0 skipped=3 errors=0 durable_rows=3
2026-09-28T06:13:58-05:00 host=optiplex_smoke pid=370710 event=checkpoint seen=3 hashed=0 skipped=3 errors=0 durable_rows=3
2026-09-28T06:13:58-05:00 host=optiplex_smoke pid=370710 event=checkpoint seen=3 hashed=0 skipped=3 errors=0 durable_rows=3
2026-09-28T06:13:58-05:00 host=optiplex_smoke pid=370710 event=checkpoint seen=3 hashed=0 skipped=3 errors=0 durable_rows=3
2026-09-28T06:13:58-05:00 host=optiplex_smoke pid=370710 event=complete
2026-09-28T06:13:58-05:00 host=optiplex_smoke pid=370710 event=complete
2026-09-28T06:13:58-05:00 host=optiplex_smoke pid=370710 event=exit code=0 seen=3 hashed=0 skipped=3 errors=0
2026-09-28T06:13:58-05:00 host=optiplex_smoke pid=370710 event=exit code=0 seen=3 hashed=0 skipped=3 errors=0
