nohup: ignoring input
[gate] parallel hash queue: 423,262 files, 347.5 GiB, 2 workers
  5,000/423,262 (1%) 108s elapsed, 46 files/s
  10,000/423,262 (2%) 124s elapsed, 81 files/s
  15,000/423,262 (4%) 250s elapsed, 60 files/s
  20,000/423,262 (5%) 294s elapsed, 68 files/s
  25,000/423,262 (6%) 335s elapsed, 75 files/s
  30,000/423,262 (7%) 350s elapsed, 86 files/s
  35,000/423,262 (8%) 416s elapsed, 84 files/s
  40,000/423,262 (9%) 444s elapsed, 90 files/s
  45,000/423,262 (11%) 477s elapsed, 94 files/s
  50,000/423,262 (12%) 848s elapsed, 59 files/s
  55,000/423,262 (13%) 854s elapsed, 64 files/s
  60,000/423,262 (14%) 873s elapsed, 69 files/s
  65,000/423,262 (15%) 884s elapsed, 74 files/s
  70,000/423,262 (17%) 1191s elapsed, 59 files/s
  75,000/423,262 (18%) 1356s elapsed, 55 files/s
  80,000/423,262 (19%) 1388s elapsed, 58 files/s
  85,000/423,262 (20%) 1412s elapsed, 60 files/s
  90,000/423,262 (21%) 1433s elapsed, 63 files/s
  95,000/423,262 (22%) 1459s elapsed, 65 files/s
  100,000/423,262 (24%) 1474s elapsed, 68 files/s
  105,000/423,262 (25%) 1485s elapsed, 71 files/s
  110,000/423,262 (26%) 1511s elapsed, 73 files/s
  115,000/423,262 (27%) 1560s elapsed, 74 files/s
  120,000/423,262 (28%) 1595s elapsed, 75 files/s
  125,000/423,262 (30%) 1615s elapsed, 77 files/s
  130,000/423,262 (31%) 1633s elapsed, 80 files/s
  135,000/423,262 (32%) 1810s elapsed, 75 files/s
  140,000/423,262 (33%) 1935s elapsed, 72 files/s
  145,000/423,262 (34%) 1974s elapsed, 73 files/s
  150,000/423,262 (35%) 1998s elapsed, 75 files/s
  155,000/423,262 (37%) 2017s elapsed, 77 files/s
  160,000/423,262 (38%) 2042s elapsed, 78 files/s
  165,000/423,262 (39%) 2066s elapsed, 80 files/s
  170,000/423,262 (40%) 2245s elapsed, 76 files/s
  175,000/423,262 (41%) 2292s elapsed, 76 files/s
  180,000/423,262 (43%) 2355s elapsed, 76 files/s
  185,000/423,262 (44%) 2647s elapsed, 70 files/s
  190,000/423,262 (45%) 2679s elapsed, 71 files/s
  195,000/423,262 (46%) 2703s elapsed, 72 files/s
  200,000/423,262 (47%) 2730s elapsed, 73 files/s
  205,000/423,262 (48%) 2878s elapsed, 71 files/s
  210,000/423,262 (50%) 2902s elapsed, 72 files/s
  215,000/423,262 (51%) 2954s elapsed, 73 files/s
  220,000/423,262 (52%) 3067s elapsed, 72 files/s
  225,000/423,262 (53%) 3080s elapsed, 73 files/s
  230,000/423,262 (54%) 3608s elapsed, 64 files/s
Traceback (most recent call last):
  File "/home/jesse/openroot/bin/file_ledger_parallel_v1.py", line 63, in <module>
    main()
  File "/home/jesse/openroot/bin/file_ledger_parallel_v1.py", line 49, in main
    con.commit(); buf = []
    ^^^^^^^^^^^^
sqlite3.OperationalError: database is locked
