=== RECOVERY STARTED 20260923_194243 ===
CANARY: RECOVERY-V2-OK
--- STAGE 1: LEDGERS ---
--- STAGE 2: DISCOVER LEDGERS ---
Found: /home/jesse/openroot/data/logs/boardroom_ledger.jsonl (624 bytes)
Found: /home/jesse/openroot/data/parallel_ideas.jsonl (223912 bytes)
Found: /home/jesse/openroot/data/theorem_forge/in/kernel.jsonl (2750 bytes)
Found: /home/jesse/openroot/data/sdcard-sync/ledger.jsonl (1294 bytes)
Found: /home/jesse/openroot/data/sdcard-sync/logs/workflow_eta.jsonl (1897 bytes)
Found: /home/jesse/openroot/data/sdcard-sync/data/popw_ledger.jsonl (1086 bytes)
Found: /home/jesse/openroot/data/sdcard-sync/phone_file_index.jsonl (2435 bytes)
Found: /home/jesse/openroot/data/sdcard-sync/acre/ledger.jsonl (602 bytes)
Found: /home/jesse/openroot/data/sdcard-sync/acre/THEORETICAL_CLAIMS.jsonl (31859764 bytes)
Found: /home/jesse/openroot/data/sdcard-sync/salvage/20260912-134943/repo-root/ledger.jsonl (1294 bytes)
Found: /home/jesse/openroot/data/sdcard-sync/salvage/20260912-134943/repo-root/logs/workflow_eta.jsonl (1897 bytes)
Found: /home/jesse/openroot/data/sdcard-sync/salvage/20260912-134943/repo-root/acre/ledger.jsonl (602 bytes)
Found: /home/jesse/openroot/data/sdcard-sync/salvage/20260912-134943/repo-root/acre/THEORETICAL_CLAIMS.jsonl (31859764 bytes)
Found: /home/jesse/openroot/data/sdcard-sync/salvage/20260912-134943/repo-root/salvage/20260912-134943/repo-root/ledger.jsonl (1294 bytes)
Found: /home/jesse/openroot/data/sdcard-sync/salvage/20260912-134943/repo-root/salvage/20260912-134943/repo-root/logs/workflow_eta.jsonl (1897 bytes)
Found: /home/jesse/openroot/data/sdcard-sync/salvage/20260912-134943/repo-root/salvage/20260912-134943/repo-root/acre/ledger.jsonl (602 bytes)
Found: /home/jesse/openroot/data/sdcard-sync/salvage/20260912-134943/repo-root/salvage/20260912-134943/repo-root/acre/THEORETICAL_CLAIMS.jsonl (31859764 bytes)
Found: /home/jesse/openroot/data/sdcard-sync/salvage/20260912-134943/repo-root/salvage/20260912-134943/repo-root/axiom_engine/store/definitions.jsonl (19193 bytes)
Found: /home/jesse/openroot/data/sdcard-sync/salvage/20260912-134943/repo-root/salvage/20260912-134943/repo-root/axiom_engine/store/axioms.jsonl (19194 bytes)
Found: /home/jesse/openroot/data/sdcard-sync/salvage/20260912-134943/repo-root/salvage/20260912-134943/repo-root/axiom_engine/store/theorems.jsonl (33046 bytes)
--- STAGE 3: SCRIPTS ---
Exists: unify_v2.py
Exists: bot_loop_v1.py
Exists: enable_vector_embeddings.py
Missing: deepdive.py
Copied: agape_ledger_chain.py -> bin/
Missing: une_fix.py
Copied: batch_nomic_embed.py -> bin/
Copied: local_rag_search.py -> bin/
Copied: faiss_search.py -> bin/
Exists: markor_compiler.py
Copied: autoupdate_loop.py -> bin/
--- STAGE 4: VENDOR SCRIPTS ---
Vendor scripts: 1352
--- STAGE 5: DOCUMENTS ---
Backed up: MASTER_TODO.md
Backed up: GOALS.md
Backed up: SUPERLINEAR.md
Backed up: README.md
Backed up: CONSTITUTION.md
Backed up: CONTRIBUTING.md
Backed up: SCOPE.md
Backed up: SYSTEM_ACTION_PLAN.md
Backed up: UNIFIED_ARCHITECTURE.md
--- STAGE 6: CONTEXT ---
Context backup: ctx_backup_20260923_194243
JSONL files: 1
MD files: 91
Lessons: 1 files
--- STAGE 7: DATABASES ---
Database: /home/jesse/openroot/data/popw_ledger.db (8.0K)
Integrity: ok
Database: /home/jesse/openroot/data/refinement.db (12K)
Integrity: ok
Database: /home/jesse/openroot/data/qa_corpus.db (1.5G)
Integrity: ok
Database: /home/jesse/openroot/data/readme_loop.db (44K)
Integrity: ok
Database: /home/jesse/openroot/data/proof_cache.db (16K)
Integrity: ok
Database: /home/jesse/openroot/data/refinery.db (16K)
Integrity: ok
Database: /home/jesse/openroot/data/doc_index.db (908K)
Integrity: ok
Database: /home/jesse/openroot/data/cycle_state.db (20K)
Integrity: ok
Database: /home/jesse/openroot/data/goals_ledger.db (20K)
Integrity: ok
Database: /home/jesse/openroot/data/mesh.db (24K)
Integrity: ok
--- STAGE 8: GIT ---
Branch: main
Commit: 7a45586b [ADD] cycle_manager.py v20260922 - save/resume/seal with SQLite persistence [7B-authored, py_compile+grep passed]
Commit: b9205fda [FIX] GREEN777_SSH.txt update
Commit: 3f1bec12 [ADD] recovery utility scripts
Uncommitted: 1376
--- STAGE 9: REPORT ---
Report: /home/jesse/openroot/context_bridge/recovery_report_20260923_194243.md

=== RECOVERY COMPLETE 20260923_194243 ===
Log: /home/jesse/openroot/logs/recovery_20260923_194243.log
Report: /home/jesse/openroot/context_bridge/recovery_report_20260923_194243.md
BIN: 1539 files
DOCS: 13 files
CANARY: RECOVERY-V2-OK
[exit=0]
