FAIL: bin/pathway_settlement_v7.sh
FAIL: bin/dedup_pipeline_v1.py
FAIL: bin/quarantine_pyfails_final_v2/realbug/0073_audit_repo.py
FAIL: bin/quarantine_pyfails_final_v2/realbug/compute_marketplace.py
FAIL: bin/quarantine_pyfails_final_v2/realbug/0044_v7.py
FAIL: bin/quarantine_pyfails_final_v2/realbug/0061_diagnose_and_fix.py
FAIL: bin/quarantine_pyfails_final_v2/realbug/0627_fusion_core.py
FAIL: bin/quarantine_pyfails_final_v2/realbug/1279_setup.py
FAIL: bin/quarantine_pyfails_final_v2/realbug/0598_generate_rmh_report.py
FAIL: bin/quarantine_pyfails_final_v2/realbug/0031_unified_agape_engine.py
FAIL: bin/quarantine_pyfails_final_v2/realbug/0796_agape_board_advisor.py
FAIL: bin/quarantine_pyfails_final_v2/placeholder/0770_energy_theorems.py
FAIL: bin/quarantine_pyfails_final_v2/placeholder/1351_meta_upgrade_20260805_000212.py
FAIL: bin/quarantine_pyfails_final_v2/pasteshell/0592_psychrometric_model.py
FAIL: bin/quarantine_pyfails_final_v2/pasteshell/0590_test_psychrometric_model.py
FAIL: bin/quarantine_pyfails_final_v2/pasteshell/0591_rmh_labyrinth_model.py
FAIL: bin/quarantine_pyfails_final_v2/pasteshell/0665_chunk_sender.py
FAIL: bin/quarantine_pyfails_final_v2/pasteshell/0593_generate_rmh_report.py
FAIL: bin/quarantine_pyfails_final_v2/pasteshell/0761_deploy_v101.py
FAIL: bin/quarantine_pyfails_final_v2/pasteshell/0589_test_rmh_labyrinth_model.py
FAIL: context_bridge/refinement_loop_v1.sh
FAIL: context_bridge/workflow_recover.sh
FAIL: context_bridge/quarantine/instruments-20260921_154022/refinement_loop_v1.sh
FAIL: context_bridge/quarantine/instruments-20260921_154022/secure_and_commit_v4_20260920.py
FAIL: context_bridge/quarantine/instruments-20260921_154022/hive_live_convergence_v1.sh
FAIL: context_bridge/quarantine/instruments-20260921_154022/workflow_recover.sh
FAIL: archive/session-20260925/superloop_wire_v4.sh
